Heure invalide - Veuillez rentrer une heure de la forme HH:MM
