Affichage du Top10:
/page2.html (1 hits)
/page1.html (1 hits)

Fichier heure.dot généré !
