Affichage du Top10:
/page2.html (2 hits)
/page3.html (1 hits)

Fichier sansImgHeure.dot généré !
