analog : commande incorrecte - Tapez "man analog" pour afficher le manuel
