Affichage du Top10:
/SiteWebIF/Intranet-etudiant.php (420 hits)
/temps/InsaIF.ico (179 hits)
/notesif/ (151 hits)
/temps/ (148 hits)
/notesif (121 hits)
/temps/4IF39.html (102 hits)
/temps/3IF1.ics (101 hits)
/temps/3IF39.html (96 hits)
/stages/InsaIF.ico (93 hits)
/temps/4IF38.html (89 hits)
