Affichage du Top10:
/SiteWebIF/Intranet-etudiant.php (420 hits)
/temps/FondInsa.jpg (221 hits)
/temps/style_emploi_du_temps.css (220 hits)
/temps/choix.gif (203 hits)
/temps/precedent.gif (201 hits)
/temps/suivant.gif (200 hits)
/temps/InsaIF.ico (179 hits)
/notesif/ (151 hits)
/temps/ (148 hits)
/notesif (121 hits)
